// Jest Snapshot v1, https://goo.gl/fbAQLP

exports[`SimpleEncryptConsole console.log the text "hello" 1`] = `
Object {
  "how": Object {
    "apiGateway": Object {
      "context": Object {
        "awsRequestId": "69b05b69-7ea6-46e1-ad4c-54ba8c4bcdf3",
      },
    },
    "userIdentity": Object {
      "jti": "AT.sdswjJBx7PVXWbWs1sC3G2GrNqj1Yx3qlFtnj-Xn0b4",
    },
  },
  "logMetadata": Object {
    "EncryptedFields": Array [
      "who.userIdentity.sub",
      "who.userIdentity.fhirUser",
      "what.apiGateway.event.queryStringParameters",
      "what.requestContext.path",
      "what.apiGateway.event.pathParameters.proxy",
      "where.requestContext.sourceIp",
      "responseOther.userIdentity.launch-response-patient",
    ],
    "EncryptedPayLoad": "QVFJQ0FIamNHSFAxTWtIN0tHQm55SG5xNFhaNTF4RGc5NW5Objh6NGFkVmNHeVJPQkFFS0FINzc3b0psekRnV3Fjb1RwSnlaQUFBQWd6Q0JnQVlKS29aSWh2Y05BUWNHb0hNd2NRSUJBREJzQmdrcWhraUc5dzBCQndFd0hnWUpZSVpJQVdVREJBRXVNQkVFREt4QUlyR29BWGpoejFDNnpBSUJFSUEvV1oxUXF0MEM3L21MMUxNWjBsV3cwVDZwT1A0UDUrWm1pS253LzhOMUJ2VmN1UHVHaVdxdEVrZnRLREwvMmZWS2x0L3gxU3VNUVhRNE84ZTBVTFE4",
    "category": "Audit Event",
    "timestamp": "2023-02-01T17:23:54.905Z",
    "uid": "7833bf63-6a8f-44a2-84ec-94e2b0a7e74b",
  },
  "requestOther": Object {
    "requestContext": Object {
      "stage": "dev",
    },
  },
  "responseOther": Object {
    "userIdentity": Object {
      "aud": "https://ygvm00kbzl.execute-api.us-east-1.amazonaws.com/dev",
      "auth-time": "2023-02-01T17:14:05.000Z",
      "exp": "2023-02-01T18:14:28.000Z",
      "iat": "2023-02-01T17:14:28.000Z",
      "iss": "https://dev-44142793.okta.com/oauth2/aus7j8ulrovP5Ppzb5d7",
      "launch-response-patient": "https://ygvm00kbzl.execute-api.us-east-1.amazonaws.com/dev/Patient/encrypted",
      "scp": Array [
        "fhirUser",
        "patient/*.*",
        "launch/patient",
        "user/*.*",
        "patient_selection",
        "openid",
        "profile",
      ],
    },
  },
  "what": Object {
    "apiGateway": Object {
      "event": Object {
        "httpMethod": "GET",
        "pathParameters": Object {
          "proxy": "Patient",
        },
        "queryStringParameters": "encrypted",
      },
    },
    "requestContext": Object {
      "httpMethod": "GET",
      "path": "/dev/Patient",
    },
    "userIdentity": Object {
      "scopes": Array [
        "fhirUser",
        "patient/*.*",
        "launch/patient",
        "user/*.*",
        "patient_selection",
        "openid",
        "profile",
      ],
      "usableScopes": Array [
        "patient/*.*",
        "user/*.*",
      ],
    },
  },
  "when": Object {
    "requestContext": Object {
      "requestTimeEpoch": "2023-02-01T17:23:50.610Z",
    },
  },
  "where": Object {
    "User-agent": "PostmanRuntime/7.30.0",
    "apiGateway": Object {
      "Context": Object {
        "logGroupName": "/aws/lambda/smart-fhir-service-dev-fhirServer7884A170-CrRTKgUTr9Ll",
        "logStreamName": "2023/02/01/[$LATEST]e09e3004675841dabb289cdda40be1e8",
      },
    },
    "domainName": "ygvm00kbzl.execute-api.us-east-1.amazonaws.com",
    "requestContext": Object {
      "sourceIp": "encrypted",
    },
  },
  "who": Object {
    "apiKeyId": "x1siojg81g",
    "userIdentity": Object {
      "fhirUser": "https://ygvm00kbzl.execute-api.us-east-1.amazonaws.com/dev/Practitioner/encrypted",
      "sub": "encrypted",
    },
  },
}
`;

exports[`SimpleEncryptConsole happy case" 1`] = `
Object {
  "how": Object {
    "apiGateway": Object {
      "context": Object {
        "awsRequestId": "69b05b69-7ea6-46e1-ad4c-54ba8c4bcdf3",
      },
    },
    "userIdentity": Object {
      "jti": "AT.sdswjJBx7PVXWbWs1sC3G2GrNqj1Yx3qlFtnj-Xn0b4",
    },
  },
  "logMetadata": Object {
    "EncryptedFields": Array [
      "who.userIdentity.sub",
      "who.userIdentity.fhirUser",
      "what.apiGateway.event.queryStringParameters",
      "what.requestContext.path",
      "what.apiGateway.event.pathParameters.proxy",
      "where.requestContext.sourceIp",
      "responseOther.userIdentity.launch-response-patient",
    ],
    "EncryptedPayLoad": "QVFJQ0FIamNHSFAxTWtIN0tHQm55SG5xNFhaNTF4RGc5NW5Objh6NGFkVmNHeVJPQkFFS0FINzc3b0psekRnV3Fjb1RwSnlaQUFBQWd6Q0JnQVlKS29aSWh2Y05BUWNHb0hNd2NRSUJBREJzQmdrcWhraUc5dzBCQndFd0hnWUpZSVpJQVdVREJBRXVNQkVFREt4QUlyR29BWGpoejFDNnpBSUJFSUEvV1oxUXF0MEM3L21MMUxNWjBsV3cwVDZwT1A0UDUrWm1pS253LzhOMUJ2VmN1UHVHaVdxdEVrZnRLREwvMmZWS2x0L3gxU3VNUVhRNE84ZTBVTFE4",
    "category": "Audit Event",
    "timestamp": "2023-02-01T17:23:54.905Z",
    "uid": "7833bf63-6a8f-44a2-84ec-94e2b0a7e74b",
  },
  "requestOther": Object {
    "requestContext": Object {
      "stage": "dev",
    },
  },
  "responseOther": Object {
    "userIdentity": Object {
      "aud": "https://ygvm00kbzl.execute-api.us-east-1.amazonaws.com/dev",
      "auth-time": "2023-02-01T17:14:05.000Z",
      "exp": "2023-02-01T18:14:28.000Z",
      "iat": "2023-02-01T17:14:28.000Z",
      "iss": "https://dev-44142793.okta.com/oauth2/aus7j8ulrovP5Ppzb5d7",
      "launch-response-patient": "https://ygvm00kbzl.execute-api.us-east-1.amazonaws.com/dev/Patient/encrypted",
      "scp": Array [
        "fhirUser",
        "patient/*.*",
        "launch/patient",
        "user/*.*",
        "patient_selection",
        "openid",
        "profile",
      ],
    },
  },
  "what": Object {
    "apiGateway": Object {
      "event": Object {
        "httpMethod": "GET",
        "pathParameters": Object {
          "proxy": "Patient",
        },
        "queryStringParameters": "encrypted",
      },
    },
    "requestContext": Object {
      "httpMethod": "GET",
      "path": "/dev/Patient",
    },
    "userIdentity": Object {
      "scopes": Array [
        "fhirUser",
        "patient/*.*",
        "launch/patient",
        "user/*.*",
        "patient_selection",
        "openid",
        "profile",
      ],
      "usableScopes": Array [
        "patient/*.*",
        "user/*.*",
      ],
    },
  },
  "when": Object {
    "requestContext": Object {
      "requestTimeEpoch": "2023-02-01T17:23:50.610Z",
    },
  },
  "where": Object {
    "User-agent": "PostmanRuntime/7.30.0",
    "apiGateway": Object {
      "Context": Object {
        "logGroupName": "/aws/lambda/smart-fhir-service-dev-fhirServer7884A170-CrRTKgUTr9Ll",
        "logStreamName": "2023/02/01/[$LATEST]e09e3004675841dabb289cdda40be1e8",
      },
    },
    "domainName": "ygvm00kbzl.execute-api.us-east-1.amazonaws.com",
    "requestContext": Object {
      "sourceIp": "encrypted",
    },
  },
  "who": Object {
    "apiKeyId": "x1siojg81g",
    "userIdentity": Object {
      "fhirUser": "https://ygvm00kbzl.execute-api.us-east-1.amazonaws.com/dev/Practitioner/encrypted",
      "sub": "encrypted",
    },
  },
}
`;
